// Jest Snapshot v1, https://goo.gl/fbAQLP

exports[`App component renders App 1`] = `
<DocumentFragment>
  <div>
    <p />
  </div>
  <div>
    <button>
      GIMME A QUOTE
    </button>
  </div>
</DocumentFragment>
`;
